// Jest Snapshot v1, https://goo.gl/fbAQLP

exports[`FlashCards Component should match snapshot 1`] = `
<div class="flash-cards">
  <p>cards!!!!</p>
  <cards-stub cardname="dog" carddefinition="definition"></cards-stub>
</div>
`;
