// Jest Snapshot v1, https://goo.gl/fbAQLP

exports[`NavBar Component should match snapshot 1`] = `<b-navbar><template></template> <template></template> <template></template></b-navbar>`;
